// Jest Snapshot v1, https://goo.gl/fbAQLP

exports[`When App is loaded Should render correctly 1`] = `
<View
  style={
    {
      "alignItems": "center",
      "backgroundColor": "#fff",
      "flex": 1,
      "justifyContent": "center",
    }
  }
>
  <TextInput
    onChangeText={[Function]}
    testID="input"
    value=""
  />
  <View
    accessibilityState={
      {
        "disabled": false,
      }
    }
    accessible={true}
    collapsable={false}
    focusable={true}
    onClick={[Function]}
    onResponderGrant={[Function]}
    onResponderMove={[Function]}
    onResponderRelease={[Function]}
    onResponderTerminate={[Function]}
    onResponderTerminationRequest={[Function]}
    onStartShouldSetResponder={[Function]}
    style={
      {
        "opacity": 1,
      }
    }
    testID="button"
  >
    Click me
  </View>
</View>
`;
